> Task :app:checkKotlinGradlePluginConfigurationErrors SKIPPED
> Task :app:preBuild UP-TO-DATE
> Task :app:preDebugBuild UP-TO-DATE
> Task :app:checkDebugAarMetadata UP-TO-DATE
> Task :app:generateDebugResValues UP-TO-DATE
> Task :app:mapDebugSourceSetPaths UP-TO-DATE
> Task :app:generateDebugResources UP-TO-DATE
> Task :app:mergeDebugResources UP-TO-DATE
> Task :app:packageDebugResources UP-TO-DATE
> Task :app:parseDebugLocalResources UP-TO-DATE
> Task :app:createDebugCompatibleScreenManifests UP-TO-DATE
> Task :app:extractDeepLinksDebug UP-TO-DATE
> Task :app:processDebugMainManifest UP-TO-DATE
> Task :app:processDebugManifest UP-TO-DATE
> Task :app:processDebugManifestForPackage UP-TO-DATE
> Task :app:processDebugResources UP-TO-DATE
> Task :app:kspDebugKotlin UP-TO-DATE

> Task :app:compileDebugKotlin
./gradlew : e: file:///D:/Projects/A
ndroid/PersonalFinanceCompanion/app/
src/main/java/com/sandeep/personalfi
nancecompanion/presentation/home/Hom
eScreen.kt:644:43 Unresolved 
reference 'emoji'.
At line:1 char:1
+ ./gradlew compileDebugKotlin > 
build_error.log 2>&1
+ ~~~~~~~~~~~~~~~~~~~~~~~~~~~~~~~~~~
~~~~~~~~~~~~~~~~~
    + CategoryInfo          : NotSp 
   ecified: (e: file:///D:/P...ere  
  nce 'emoji'.:String) [], Remote   
 Exception
    + FullyQualifiedErrorId : Nativ 
   eCommandError
 
e: file:///D:/Projects/Android/Perso
nalFinanceCompanion/app/src/main/jav
a/com/sandeep/personalfinancecompani
on/presentation/home/HomeScreen.kt:6
58:47 Unresolved reference 
'displayName'.
e: file:///D:/Projects/Android/Perso
nalFinanceCompanion/app/src/main/jav
a/com/sandeep/personalfinancecompani
on/presentation/home/HomeViewModel.k
t:23:19 Unresolved reference 
'Category'.
e: file:///D:/Projects/Android/Perso
nalFinanceCompanion/app/src/main/jav
a/com/sandeep/personalfinancecompani
on/presentation/home/HomeViewModel.k
t:236:34 Unresolved reference 
'Category'.
e: file:///D:/Projects/Android/Perso
nalFinanceCompanion/app/src/main/jav
a/com/sandeep/personalfinancecompani
on/presentation/home/HomeViewModel.k
t:252:50 Unresolved reference 
'displayName'.
e: file:///D:/Projects/Android/Perso
nalFinanceCompanion/app/src/main/jav
a/com/sandeep/personalfinancecompani
on/presentation/transactions/AddEdit
TransactionScreen.kt:73:42 
Unresolved reference 
'collectAsStateWithLifecycle'.
e: file:///D:/Projects/Android/Perso
nalFinanceCompanion/app/src/main/jav
a/com/sandeep/personalfinancecompani
on/presentation/transactions/AddEdit
TransactionScreen.kt:74:30 
Unresolved reference 
'selectedCurrency'.

> Task :app:compileDebugKotlin FAILED

[Incubating] Problems report is available at: file:///D:/Projects/Android/PersonalFinanceCompanion/build/reports/problems/problems-report.html

FAILURE: Build failed with an 
exception.

* What went wrong:
Execution failed for task 
':app:compileDebugKotlin'.
> A failure occurred while 
executing org.jetbrains.kotlin.compi
lerRunner.GradleCompilerRunnerWithWo
rkers$GradleKotlinCompilerWorkAction
   > Compilation error. See log for 
more details

* Try:
> Run with --stacktrace option to 
get the stack trace.
> Run with --info or --debug option 
to get more log output.
> Run with --scan to get full 
insights from a Build Scan (powered 
by Develocity).
> Get more help at 
https://help.gradle.org.

Deprecated Gradle features were used in this build, making it incompatible with Gradle 10.

You can use '--warning-mode all' to show the individual deprecation warnings and determine if they come from your own scripts or plugins.

For more on this, please refer to https://docs.gradle.org/9.3.1/userguide/command_line_interface.html#sec:command_line_warnings in the Gradle documentation.

BUILD FAILED in 6s
15 actionable tasks: 1 executed, 14 up-to-date
