
> Configure project :app
WARNING: The option setting 'android.disallowKotlinSourceSets=false' is experimental.
The current default is 'true'.

> Task :app:preBuild UP-TO-DATE
> Task :app:preDebugBuild UP-TO-DATE
> Task :app:generateDebugResources UP-TO-DATE
> Task :app:packageDebugResources UP-TO-DATE
> Task :app:processDebugNavigationResources UP-TO-DATE
> Task :app:parseDebugLocalResources UP-TO-DATE
> Task :app:generateDebugRFile UP-TO-DATE
> Task :app:kspDebugKotlin UP-TO-DATE

> Task :app:compileDebugKotlin FAILED
.\gradlew.bat : e: file:///D:/Projects/Android/PersonalFinanceCompanion/app/src/main/java/com/sandeep/personalfinancecompanion/MainActivity.kt:73:103 Unresolved reference 'dp'.
At line:1 char:1
+ .\gradlew.bat compileDebugKotlin 2>&1 | Out-File -FilePath d:\Project ...
+ ~~~~~~~~~~~~~~~~~~~~~~~~~~~~~~~~~~~~~
    + CategoryInfo          : NotSp    ecified: (e: file:///D:/P...ref    erence 'dp'.:String) [], Remote    Exception
    + FullyQualifiedErrorId : Nativ    eCommandError
 
e: file:///D:/Projects/Android/PersonalFinanceCompanion/app/src/main/java/com/sandeep/personalfinancecompanion/data/remote/FakeMockEngine.kt:62:41 Unresolved reference 'toByteArray'.
e: file:///D:/Projects/Android/PersonalFinanceCompanion/app/src/main/java/com/sandeep/personalfinancecompanion/data/remote/FakeMockEngine.kt:75:41 Unresolved reference 'toByteArray'.

FAILURE: Build failed with an exception.

* What went wrong:
Execution failed for task ':app:compileDebugKotlin'.
> A failure occurred while executing org.jetbrains.kotlin.compilerRunner.GradleCompilerRunnerWithWorkers$GradleKotlinCompilerWorkAction
   > Compilation error. See log for more details

* Try:
> Run with --stacktrace option to get the stack trace.
> Run with --info or --debug option to get more log output.
> Run with --scan to get full insights from a Build Scan (powered by Develocity).
> Get more help at https://help.gradle.org.

BUILD FAILED in 9s
7 actionable tasks: 1 executed, 6 up-to-date
